Archive member included to satisfy reference by file (symbol)

f:/programming/baremetal/9 2020-q2-update/bin/../lib/gcc/arm-none-eabi/9.3.1/../../../../arm-none-eabi/lib/thumb/v7e-m+fp/hard\libc.a(lib_a-errno.o)
                              ./src/syscalls.o (__errno)
f:/programming/baremetal/9 2020-q2-update/bin/../lib/gcc/arm-none-eabi/9.3.1/../../../../arm-none-eabi/lib/thumb/v7e-m+fp/hard\libc.a(lib_a-exit.o)
                              f:/programming/baremetal/9 2020-q2-update/bin/../lib/gcc/arm-none-eabi/9.3.1/../../../../arm-none-eabi/lib/thumb/v7e-m+fp/hard/crt0.o (exit)
f:/programming/baremetal/9 2020-q2-update/bin/../lib/gcc/arm-none-eabi/9.3.1/../../../../arm-none-eabi/lib/thumb/v7e-m+fp/hard\libc.a(lib_a-impure.o)
                              f:/programming/baremetal/9 2020-q2-update/bin/../lib/gcc/arm-none-eabi/9.3.1/../../../../arm-none-eabi/lib/thumb/v7e-m+fp/hard\libc.a(lib_a-exit.o) (_global_impure_ptr)
f:/programming/baremetal/9 2020-q2-update/bin/../lib/gcc/arm-none-eabi/9.3.1/../../../../arm-none-eabi/lib/thumb/v7e-m+fp/hard\libc.a(lib_a-init.o)
                              f:/programming/baremetal/9 2020-q2-update/bin/../lib/gcc/arm-none-eabi/9.3.1/../../../../arm-none-eabi/lib/thumb/v7e-m+fp/hard/crt0.o (__libc_init_array)
f:/programming/baremetal/9 2020-q2-update/bin/../lib/gcc/arm-none-eabi/9.3.1/../../../../arm-none-eabi/lib/thumb/v7e-m+fp/hard\libc.a(lib_a-memcpy.o)
                              ./Third_party/FreeRTOS/org/Source/queue.o (memcpy)
f:/programming/baremetal/9 2020-q2-update/bin/../lib/gcc/arm-none-eabi/9.3.1/../../../../arm-none-eabi/lib/thumb/v7e-m+fp/hard\libc.a(lib_a-memset.o)
                              f:/programming/baremetal/9 2020-q2-update/bin/../lib/gcc/arm-none-eabi/9.3.1/../../../../arm-none-eabi/lib/thumb/v7e-m+fp/hard/crt0.o (memset)
f:/programming/baremetal/9 2020-q2-update/bin/../lib/gcc/arm-none-eabi/9.3.1/../../../../arm-none-eabi/lib/thumb/v7e-m+fp/hard\libc.a(lib_a-__call_atexit.o)
                              f:/programming/baremetal/9 2020-q2-update/bin/../lib/gcc/arm-none-eabi/9.3.1/../../../../arm-none-eabi/lib/thumb/v7e-m+fp/hard\libc.a(lib_a-exit.o) (__call_exitprocs)
f:/programming/baremetal/9 2020-q2-update/bin/../lib/gcc/arm-none-eabi/9.3.1/../../../../arm-none-eabi/lib/thumb/v7e-m+fp/hard\libc.a(lib_a-atexit.o)
                              f:/programming/baremetal/9 2020-q2-update/bin/../lib/gcc/arm-none-eabi/9.3.1/../../../../arm-none-eabi/lib/thumb/v7e-m+fp/hard\libc.a(lib_a-__call_atexit.o) (atexit)
f:/programming/baremetal/9 2020-q2-update/bin/../lib/gcc/arm-none-eabi/9.3.1/../../../../arm-none-eabi/lib/thumb/v7e-m+fp/hard\libc.a(lib_a-fini.o)
                              f:/programming/baremetal/9 2020-q2-update/bin/../lib/gcc/arm-none-eabi/9.3.1/../../../../arm-none-eabi/lib/thumb/v7e-m+fp/hard\libc.a(lib_a-__call_atexit.o) (__libc_fini_array)
f:/programming/baremetal/9 2020-q2-update/bin/../lib/gcc/arm-none-eabi/9.3.1/../../../../arm-none-eabi/lib/thumb/v7e-m+fp/hard\libc.a(lib_a-lock.o)
                              f:/programming/baremetal/9 2020-q2-update/bin/../lib/gcc/arm-none-eabi/9.3.1/../../../../arm-none-eabi/lib/thumb/v7e-m+fp/hard\libc.a(lib_a-__call_atexit.o) (__retarget_lock_acquire_recursive)
f:/programming/baremetal/9 2020-q2-update/bin/../lib/gcc/arm-none-eabi/9.3.1/../../../../arm-none-eabi/lib/thumb/v7e-m+fp/hard\libc.a(lib_a-__atexit.o)
                              f:/programming/baremetal/9 2020-q2-update/bin/../lib/gcc/arm-none-eabi/9.3.1/../../../../arm-none-eabi/lib/thumb/v7e-m+fp/hard\libc.a(lib_a-atexit.o) (__register_exitproc)

Allocating common symbols
Common symbol       size              file

__lock___atexit_recursive_mutex
                    0x1               f:/programming/baremetal/9 2020-q2-update/bin/../lib/gcc/arm-none-eabi/9.3.1/../../../../arm-none-eabi/lib/thumb/v7e-m+fp/hard\libc.a(lib_a-lock.o)
__lock___arc4random_mutex
                    0x1               f:/programming/baremetal/9 2020-q2-update/bin/../lib/gcc/arm-none-eabi/9.3.1/../../../../arm-none-eabi/lib/thumb/v7e-m+fp/hard\libc.a(lib_a-lock.o)
xQueueRegistry      0x40              ./Third_party/FreeRTOS/org/Source/queue.o
__lock___env_recursive_mutex
                    0x1               f:/programming/baremetal/9 2020-q2-update/bin/../lib/gcc/arm-none-eabi/9.3.1/../../../../arm-none-eabi/lib/thumb/v7e-m+fp/hard\libc.a(lib_a-lock.o)
__lock___sinit_recursive_mutex
                    0x1               f:/programming/baremetal/9 2020-q2-update/bin/../lib/gcc/arm-none-eabi/9.3.1/../../../../arm-none-eabi/lib/thumb/v7e-m+fp/hard\libc.a(lib_a-lock.o)
__lock___malloc_recursive_mutex
                    0x1               f:/programming/baremetal/9 2020-q2-update/bin/../lib/gcc/arm-none-eabi/9.3.1/../../../../arm-none-eabi/lib/thumb/v7e-m+fp/hard\libc.a(lib_a-lock.o)
__lock___at_quick_exit_mutex
[...]
Memory Configuration

Name             Origin             Length             Attributes
RAM              0x20000000         0x00020000         xrw
ROM              0x08000000         0x00080000         xr
*default*        0x00000000         0xffffffff

Linker script and memory map

LOAD f:/programming/baremetal/9 2020-q2-update/bin/../lib/gcc/arm-none-eabi/9.3.1/thumb/v7e-m+fp/hard/crti.o
LOAD f:/programming/baremetal/9 2020-q2-update/bin/../lib/gcc/arm-none-eabi/9.3.1/thumb/v7e-m+fp/hard/crtbegin.o
LOAD f:/programming/baremetal/9 2020-q2-update/bin/../lib/gcc/arm-none-eabi/9.3.1/../../../../arm-none-eabi/lib/thumb/v7e-m+fp/hard/crt0.o
LOAD f:/programming/baremetal/9 2020-q2-update/bin/../lib/gcc/arm-none-eabi/9.3.1/../../../../arm-none-eabi/lib/thumb/v7e-m+fp/hard\libm.a
LOAD ./startup/startup_stm32.o
LOAD ./src/main.o
LOAD ./src/syscalls.o
LOAD ./src/system_stm32f4xx.o
LOAD ./Third_party/FreeRTOS/org/Source/portable/MemMang/heap_4.o
LOAD ./Third_party/FreeRTOS/org/Source/portable/GCC/ARM_CM4F/port.o
LOAD ./Third_party/FreeRTOS/org/Source/croutine.o
LOAD ./Third_party/FreeRTOS/org/Source/event_groups.o
LOAD ./Third_party/FreeRTOS/org/Source/list.o
LOAD ./Third_party/FreeRTOS/org/Source/queue.o
LOAD ./Third_party/FreeRTOS/org/Source/stream_buffer.o
LOAD ./Third_party/FreeRTOS/org/Source/tasks.o
LOAD ./Third_party/FreeRTOS/org/Source/timers.o
LOAD ./StdPeriph_Driver/src/misc.o
LOAD ./StdPeriph_Driver/src/stm32f4xx_adc.o
LOAD ./StdPeriph_Driver/src/stm32f4xx_can.o
LOAD ./StdPeriph_Driver/src/stm32f4xx_cec.o
LOAD ./StdPeriph_Driver/src/stm32f4xx_crc.o
LOAD ./StdPeriph_Driver/src/stm32f4xx_cryp.o
LOAD ./StdPeriph_Driver/src/stm32f4xx_cryp_aes.o
LOAD ./StdPeriph_Driver/src/stm32f4xx_cryp_des.o
LOAD ./StdPeriph_Driver/src/stm32f4xx_cryp_tdes.o
LOAD ./StdPeriph_Driver/src/stm32f4xx_dac.o
LOAD ./StdPeriph_Driver/src/stm32f4xx_dbgmcu.o
LOAD ./StdPeriph_Driver/src/stm32f4xx_dcmi.o
LOAD ./StdPeriph_Driver/src/stm32f4xx_dfsdm.o
LOAD ./StdPeriph_Driver/src/stm32f4xx_dma.o
LOAD ./StdPeriph_Driver/src/stm32f4xx_dma2d.o
LOAD ./StdPeriph_Driver/src/stm32f4xx_dsi.o
LOAD ./StdPeriph_Driver/src/stm32f4xx_exti.o
LOAD ./StdPeriph_Driver/src/stm32f4xx_flash.o
LOAD ./StdPeriph_Driver/src/stm32f4xx_flash_ramfunc.o
LOAD ./StdPeriph_Driver/src/stm32f4xx_fmc.o
LOAD ./StdPeriph_Driver/src/stm32f4xx_fmip2c.o
LOAD ./StdPeriph_Driver/src/stm32f4xx_fsmc.o
LOAD ./StdPeriph_Driver/src/stm32f4xx_gpio.o
LOAD ./StdPeriph_Driver/src/stm32f4xx_hash.o
LOAD ./StdPeriph_Driver/src/stm32f4xx_hash_md5.o
LOAD ./StdPeriph_Driver/src/stm32f4xx_hash_sha1.o
LOAD ./StdPeriph_Driver/src/stm32f4xx_i2c.o
LOAD ./StdPeriph_Driver/src/stm32f4xx_iwdg.o
LOAD ./StdPeriph_Driver/src/stm32f4xx_lptim.o
LOAD ./StdPeriph_Driver/src/stm32f4xx_ltdc.o
LOAD ./StdPeriph_Driver/src/stm32f4xx_pwr.o
LOAD ./StdPeriph_Driver/src/stm32f4xx_qspi.o
LOAD ./StdPeriph_Driver/src/stm32f4xx_rcc.o
LOAD ./StdPeriph_Driver/src/stm32f4xx_rng.o
LOAD ./StdPeriph_Driver/src/stm32f4xx_rtc.o
LOAD ./StdPeriph_Driver/src/stm32f4xx_sai.o
LOAD ./StdPeriph_Driver/src/stm32f4xx_sdio.o
LOAD ./StdPeriph_Driver/src/stm32f4xx_spdifrx.o
LOAD ./StdPeriph_Driver/src/stm32f4xx_spi.o
LOAD ./StdPeriph_Driver/src/stm32f4xx_syscfg.o
LOAD ./StdPeriph_Driver/src/stm32f4xx_tim.o
LOAD ./StdPeriph_Driver/src/stm32f4xx_usart.o
LOAD ./StdPeriph_Driver/src/stm32f4xx_wwdg.o
START GROUP
LOAD f:/programming/baremetal/9 2020-q2-update/bin/../lib/gcc/arm-none-eabi/9.3.1/thumb/v7e-m+fp/hard\libgcc.a
LOAD f:/programming/baremetal/9 2020-q2-update/bin/../lib/gcc/arm-none-eabi/9.3.1/../../../../arm-none-eabi/lib/thumb/v7e-m+fp/hard\libc.a
END GROUP
LOAD f:/programming/baremetal/9 2020-q2-update/bin/../lib/gcc/arm-none-eabi/9.3.1/thumb/v7e-m+fp/hard/crtend.o
LOAD f:/programming/baremetal/9 2020-q2-update/bin/../lib/gcc/arm-none-eabi/9.3.1/thumb/v7e-m+fp/hard/crtn.o
                0x20020000                _estack = 0x20020000
                0x00000000                _Min_Heap_Size = 0x0
                0x00000400                _Min_Stack_Size = 0x400

.isr_vector     0x08000000      0x1c4
                0x08000000                . = ALIGN (0x4)
 *(.isr_vector)
 .isr_vector    0x08000000      0x1c4 ./startup/startup_stm32.o
                0x08000000                g_pfnVectors
                0x080001c4                . = ALIGN (0x4)

.text           0x080001d0      0x748
                0x080001d0                . = ALIGN (0x4)
 *(.text)
 .text          0x080001d0       0x40 f:/programming/baremetal/9 2020-q2-update/bin/../lib/gcc/arm-none-eabi/9.3.1/thumb/v7e-m+fp/hard/crtbegin.o
 *(.text*)
 .text.Reset_Handler
                0x08000210       0x50 ./startup/startup_stm32.o
                0x08000210                Reset_Handler
 .text.Default_Handler
                0x08000260        0x2 ./startup/startup_stm32.o
                0x08000260                RTC_Alarm_IRQHandler
                0x08000260                EXTI2_IRQHandler
                0x08000260                TIM8_CC_IRQHandler
                0x08000260                SPDIF_Rx_IRQHandler
                0x08000260                DebugMon_Handler
                0x08000260                SPI4_IRQHandler
                0x08000260                TIM1_CC_IRQHandler
                0x08000260                QuadSPI_IRQHandler
                0x08000260                DMA2_Stream5_IRQHandler
                0x08000260                HardFault_Handler
                0x08000260                DMA1_Stream5_IRQHandler
                0x08000260                PVD_IRQHandler
                0x08000260                SDIO_IRQHandler
                0x08000260                TAMP_STAMP_IRQHandler
                0x08000260                NMI_Handler
                0x08000260                CAN2_RX1_IRQHandler
                0x08000260                EXTI3_IRQHandler
                0x08000260                TIM8_TRG_COM_TIM14_IRQHandler
                0x08000260                TIM1_UP_TIM10_IRQHandler
                0x08000260                FMPI2C1_error_IRQHandler
                0x08000260                TIM8_UP_TIM13_IRQHandler
                0x08000260                I2C3_ER_IRQHandler
                0x08000260                EXTI0_IRQHandler
                0x08000260                I2C2_EV_IRQHandler
                0x08000260                DMA1_Stream2_IRQHandler
                0x08000260                CAN1_RX0_IRQHandler
                0x08000260                FPU_IRQHandler
                0x08000260                OTG_HS_WKUP_IRQHandler
                0x08000260                UsageFault_Handler
                0x08000260                CAN2_SCE_IRQHandler
                0x08000260                DMA2_Stream2_IRQHandler
                0x08000260                SPI1_IRQHandler
                0x08000260                TIM6_DAC_IRQHandler
                0x08000260                TIM1_BRK_TIM9_IRQHandler
                0x08000260                DCMI_IRQHandler
                0x08000260                CAN2_RX0_IRQHandler
                0x08000260                DMA2_Stream3_IRQHandler
                0x08000260                FMPI2C1_IRQHandler
                0x08000260                SAI2_IRQHandler
                0x08000260                USART6_IRQHandler
                0x08000260                USART3_IRQHandler
                0x08000260                CAN1_RX1_IRQHandler
                0x08000260                UART5_IRQHandler
                0x08000260                DMA2_Stream0_IRQHandler
                0x08000260                TIM4_IRQHandler
                0x08000260                I2C1_EV_IRQHandler
                0x08000260                HDMI_CEC_IRQHandler
                0x08000260                DMA1_Stream6_IRQHandler
                0x08000260                DMA1_Stream1_IRQHandler
                0x08000260                UART4_IRQHandler
                0x08000260                TIM3_IRQHandler
                0x08000260                RCC_IRQHandler
                0x08000260                TIM8_BRK_TIM12_IRQHandler
                0x08000260                Default_Handler
                0x08000260                EXTI15_10_IRQHandler
                0x08000260                ADC_IRQHandler
                0x08000260                DMA1_Stream7_IRQHandler
                0x08000260                TIM7_IRQHandler
                0x08000260                CAN2_TX_IRQHandler
                0x08000260                TIM5_IRQHandler
                0x08000260                DMA2_Stream7_IRQHandler
                0x08000260                I2C3_EV_IRQHandler
                0x08000260                EXTI9_5_IRQHandler
                0x08000260                RTC_WKUP_IRQHandler
                0x08000260                SPI2_IRQHandler
                0x08000260                OTG_HS_EP1_IN_IRQHandler
                0x08000260                MemManage_Handler
                0x08000260                DMA1_Stream0_IRQHandler
                0x08000260                CAN1_TX_IRQHandler
                0x08000260                EXTI4_IRQHandler
                0x08000260                OTG_HS_EP1_OUT_IRQHandler
                0x08000260                WWDG_IRQHandler
                0x08000260                TIM2_IRQHandler
                0x08000260                OTG_FS_WKUP_IRQHandler
                0x08000260                TIM1_TRG_COM_TIM11_IRQHandler
                0x08000260                OTG_HS_IRQHandler
                0x08000260                EXTI1_IRQHandler
                0x08000260                USART2_IRQHandler
                0x08000260                I2C2_ER_IRQHandler
                0x08000260                DMA2_Stream1_IRQHandler
                0x08000260                CAN1_SCE_IRQHandler
                0x08000260                FLASH_IRQHandler
                0x08000260                DMA2_Stream4_IRQHandler
                0x08000260                BusFault_Handler
                0x08000260                USART1_IRQHandler
                0x08000260                OTG_FS_IRQHandler
                0x08000260                SPI3_IRQHandler
                0x08000260                DMA1_Stream4_IRQHandler
                0x08000260                I2C1_ER_IRQHandler
                0x08000260                FMC_IRQHandler
                0x08000260                DMA2_Stream6_IRQHandler
                0x08000260                SAI1_IRQHandler
                0x08000260                DMA1_Stream3_IRQHandler
 .text.main     0x08000262        0x6 ./src/main.o
                0x08000262                main
 .text.SystemInit
                0x08000268       0x6c ./src/system_stm32f4xx.o
                0x08000268                SystemInit
 .text.SetSysClock
                0x080002d4      0x12c ./src/system_stm32f4xx.o
 .text.SVC_Handler
                0x08000400       0x28 ./Third_party/FreeRTOS/org/Source/portable/GCC/ARM_CM4F/port.o
                0x08000400                SVC_Handler
 *fill*         0x08000428        0x8 
 .text.PendSV_Handler
                0x08000430       0x68 ./Third_party/FreeRTOS/org/Source/portable/GCC/ARM_CM4F/port.o
                0x08000430                PendSV_Handler
 .text.SysTick_Handler
                0x08000498       0x44 ./Third_party/FreeRTOS/org/Source/portable/GCC/ARM_CM4F/port.o
                0x08000498                SysTick_Handler
 .text.vListInsertEnd
                0x080004dc       0x48 ./Third_party/FreeRTOS/org/Source/list.o
                0x080004dc                vListInsertEnd
 .text.uxListRemove
                0x08000524       0x54 ./Third_party/FreeRTOS/org/Source/list.o
                0x08000524                uxListRemove
 .text.xTaskIncrementTick
                0x08000578      0x170 ./Third_party/FreeRTOS/org/Source/tasks.o
                0x08000578                xTaskIncrementTick
 .text.vTaskSwitchContext
                0x080006e8       0xb8 ./Third_party/FreeRTOS/org/Source/tasks.o
                0x080006e8                vTaskSwitchContext
 .text.prvResetNextTaskUnblockTime
                0x080007a0       0x38 ./Third_party/FreeRTOS/org/Source/tasks.o
 .text.__libc_init_array
                0x080007d8       0x48 f:/programming/baremetal/9 2020-q2-update/bin/../lib/gcc/arm-none-eabi/9.3.1/../../../../arm-none-eabi/lib/thumb/v7e-m+fp/hard\libc.a(lib_a-init.o)
                0x080007d8                __libc_init_array
 .text.startup.register_fini
                0x08000820       0x14 f:/programming/baremetal/9 2020-q2-update/bin/../lib/gcc/arm-none-eabi/9.3.1/../../../../arm-none-eabi/lib/thumb/v7e-m+fp/hard\libc.a(lib_a-__call_atexit.o)
 .text.atexit   0x08000834        0xc f:/programming/baremetal/9 2020-q2-update/bin/../lib/gcc/arm-none-eabi/9.3.1/../../../../arm-none-eabi/lib/thumb/v7e-m+fp/hard\libc.a(lib_a-atexit.o)
                0x08000834                atexit
 .text.__libc_fini_array
                0x08000840       0x2c f:/programming/baremetal/9 2020-q2-update/bin/../lib/gcc/arm-none-eabi/9.3.1/../../../../arm-none-eabi/lib/thumb/v7e-m+fp/hard\libc.a(lib_a-fini.o)
                0x08000840                __libc_fini_array
 .text.__retarget_lock_acquire_recursive
                0x0800086c        0x4 f:/programming/baremetal/9 2020-q2-update/bin/../lib/gcc/arm-none-eabi/9.3.1/../../../../arm-none-eabi/lib/thumb/v7e-m+fp/hard\libc.a(lib_a-lock.o)
                0x0800086c                __retarget_lock_acquire_recursive
 .text.__retarget_lock_release_recursive
                0x08000870        0x4 f:/programming/baremetal/9 2020-q2-update/bin/../lib/gcc/arm-none-eabi/9.3.1/../../../../arm-none-eabi/lib/thumb/v7e-m+fp/hard\libc.a(lib_a-lock.o)
                0x08000870                __retarget_lock_release_recursive
 .text.__register_exitproc
                0x08000874       0x8c f:/programming/baremetal/9 2020-q2-update/bin/../lib/gcc/arm-none-eabi/9.3.1/../../../../arm-none-eabi/lib/thumb/v7e-m+fp/hard\libc.a(lib_a-__atexit.o)
                0x08000874                __register_exitproc
 *(.glue_7)
 .glue_7        0x08000900        0x0 linker stubs
 *(.glue_7t)
 .glue_7t       0x08000900        0x0 linker stubs
 *(.eh_frame)
 .eh_frame      0x08000900        0x0 f:/programming/baremetal/9 2020-q2-update/bin/../lib/gcc/arm-none-eabi/9.3.1/thumb/v7e-m+fp/hard/crtbegin.o
 *(.init)
 .init          0x08000900        0x4 f:/programming/baremetal/9 2020-q2-update/bin/../lib/gcc/arm-none-eabi/9.3.1/thumb/v7e-m+fp/hard/crti.o
                0x08000900                _init
 .init          0x08000904        0x8 f:/programming/baremetal/9 2020-q2-update/bin/../lib/gcc/arm-none-eabi/9.3.1/thumb/v7e-m+fp/hard/crtn.o
 *(.fini)
 .fini          0x0800090c        0x4 f:/programming/baremetal/9 2020-q2-update/bin/../lib/gcc/arm-none-eabi/9.3.1/thumb/v7e-m+fp/hard/crti.o
                0x0800090c                _fini
 .fini          0x08000910        0x8 f:/programming/baremetal/9 2020-q2-update/bin/../lib/gcc/arm-none-eabi/9.3.1/thumb/v7e-m+fp/hard/crtn.o
                0x08000918                . = ALIGN (0x4)
                0x08000918                _etext = .

.vfp11_veneer   0x08000918        0x0
 .vfp11_veneer  0x08000918        0x0 linker stubs

.v4_bx          0x08000918        0x0
 .v4_bx         0x08000918        0x0 linker stubs

.iplt           0x08000918        0x0
 .iplt          0x08000918        0x0 f:/programming/baremetal/9 2020-q2-update/bin/../lib/gcc/arm-none-eabi/9.3.1/thumb/v7e-m+fp/hard/crtbegin.o

.rodata         0x08000918        0x4
                0x08000918                . = ALIGN (0x4)
 *(.rodata)
 *(.rodata*)
 .rodata._global_impure_ptr
                0x08000918        0x4 f:/programming/baremetal/9 2020-q2-update/bin/../lib/gcc/arm-none-eabi/9.3.1/../../../../arm-none-eabi/lib/thumb/v7e-m+fp/hard\libc.a(lib_a-impure.o)
                0x08000918                _global_impure_ptr
                0x0800091c                . = ALIGN (0x4)

.rel.dyn        0x0800091c        0x0
 .rel.iplt      0x0800091c        0x0 f:/programming/baremetal/9 2020-q2-update/bin/../lib/gcc/arm-none-eabi/9.3.1/thumb/v7e-m+fp/hard/crtbegin.o

.ARM.extab      0x0800091c        0x0
                0x0800091c                . = ALIGN (0x4)
 *(.ARM.extab* .gnu.linkonce.armextab.*)
                0x0800091c                . = ALIGN (0x4)

.ARM            0x0800091c        0x0
                0x0800091c                . = ALIGN (0x4)
                0x0800091c                __exidx_start = .
 *(.ARM.exidx*)
                0x0800091c                __exidx_end = .
                0x0800091c                . = ALIGN (0x4)

.preinit_array  0x0800091c        0x0
                0x0800091c                . = ALIGN (0x4)
                0x0800091c                PROVIDE (__preinit_array_start = .)
 *(.preinit_array*)
                0x0800091c                PROVIDE (__preinit_array_end = .)
                0x0800091c                . = ALIGN (0x4)

.init_array     0x0800091c        0x8
                0x0800091c                . = ALIGN (0x4)
                0x0800091c                PROVIDE (__init_array_start = .)
 *(SORT_BY_NAME(.init_array.*))
 .init_array.00000
                0x0800091c        0x4 f:/programming/baremetal/9 2020-q2-update/bin/../lib/gcc/arm-none-eabi/9.3.1/../../../../arm-none-eabi/lib/thumb/v7e-m+fp/hard\libc.a(lib_a-__call_atexit.o)
 *(.init_array*)
 .init_array    0x08000920        0x4 f:/programming/baremetal/9 2020-q2-update/bin/../lib/gcc/arm-none-eabi/9.3.1/thumb/v7e-m+fp/hard/crtbegin.o
                0x08000924                PROVIDE (__init_array_end = .)
                0x08000924                . = ALIGN (0x4)

.fini_array     0x08000924        0x4
                0x08000924                . = ALIGN (0x4)
                0x08000924                PROVIDE (__fini_array_start = .)
 *(SORT_BY_NAME(.fini_array.*))
 *(.fini_array*)
 .fini_array    0x08000924        0x4 f:/programming/baremetal/9 2020-q2-update/bin/../lib/gcc/arm-none-eabi/9.3.1/thumb/v7e-m+fp/hard/crtbegin.o
                0x08000928                PROVIDE (__fini_array_end = .)
                0x08000928                . = ALIGN (0x4)
                0x08000928                _sidata = LOADADDR (.data)

.data           0x20000000      0x42c load address 0x08000928
                0x20000000                . = ALIGN (0x4)
                0x20000000                _sdata = .
 *(.data)
 *(.data*)
 .data.impure_data
                0x20000000      0x428 f:/programming/baremetal/9 2020-q2-update/bin/../lib/gcc/arm-none-eabi/9.3.1/../../../../arm-none-eabi/lib/thumb/v7e-m+fp/hard\libc.a(lib_a-impure.o)
 .data.__atexit_recursive_mutex
                0x20000428        0x4 f:/programming/baremetal/9 2020-q2-update/bin/../lib/gcc/arm-none-eabi/9.3.1/../../../../arm-none-eabi/lib/thumb/v7e-m+fp/hard\libc.a(lib_a-__call_atexit.o)
                0x20000428                __atexit_recursive_mutex
                0x2000042c                . = ALIGN (0x4)
                0x2000042c                _edata = .

.igot.plt       0x2000042c        0x0 load address 0x08000d54
 .igot.plt      0x2000042c        0x0 f:/programming/baremetal/9 2020-q2-update/bin/../lib/gcc/arm-none-eabi/9.3.1/thumb/v7e-m+fp/hard/crtbegin.o
                0x2000042c                . = ALIGN (0x4)

.bss            0x2000042c      0x144 load address 0x08000d54
                0x2000042c                _sbss = .
                0x2000042c                __bss_start__ = _sbss
 *(.bss)
 .bss           0x2000042c       0x1c f:/programming/baremetal/9 2020-q2-update/bin/../lib/gcc/arm-none-eabi/9.3.1/thumb/v7e-m+fp/hard/crtbegin.o
 .bss           0x20000448      0x104 ./Third_party/FreeRTOS/org/Source/tasks.o
                0x20000448                pxCurrentTCB
 *(.bss*)
 *(COMMON)
 COMMON         0x2000054c       0x21 f:/programming/baremetal/9 2020-q2-update/bin/../lib/gcc/arm-none-eabi/9.3.1/../../../../arm-none-eabi/lib/thumb/v7e-m+fp/hard\libc.a(lib_a-lock.o)
                0x2000054c                __lock___atexit_recursive_mutex
                0x20000550                __lock___arc4random_mutex
                0x20000554                __lock___env_recursive_mutex
                0x20000558                __lock___sinit_recursive_mutex
                0x2000055c                __lock___malloc_recursive_mutex
                0x20000560                __lock___at_quick_exit_mutex
                0x20000564                __lock___dd_hash_mutex
                0x20000568                __lock___tz_mutex
                0x2000056c                __lock___sfp_recursive_mutex
                0x20000570                . = ALIGN (0x4)
 *fill*         0x2000056d        0x3 
                0x20000570                _ebss = .
                0x20000570                __bss_end__ = _ebss

._user_heap_stack
                0x20000570      0x400 load address 0x08000d54
                0x20000570                . = ALIGN (0x8)
                0x20000570                PROVIDE (end = .)
                [!provide]                PROVIDE (_end = .)
                0x20000570                . = (. + _Min_Heap_Size)
                0x20000970                . = (. + _Min_Stack_Size)
 *fill*         0x20000570      0x400 
                0x20000970                . = ALIGN (0x8)

/DISCARD/
 libc.a(*)
 libm.a(*)
 libgcc.a(*)

.ARM.attributes
                0x00000000       0x30
 *(.ARM.attributes)
 .ARM.attributes
                0x00000000       0x1e f:/programming/baremetal/9 2020-q2-update/bin/../lib/gcc/arm-none-eabi/9.3.1/thumb/v7e-m+fp/hard/crti.o
 .ARM.attributes
                0x0000001e       0x34 f:/programming/baremetal/9 2020-q2-update/bin/../lib/gcc/arm-none-eabi/9.3.1/thumb/v7e-m+fp/hard/crtbegin.o
 .ARM.attributes
                0x00000052       0x21 ./startup/startup_stm32.o
 .ARM.attributes
                0x00000073       0x34 ./src/main.o
 .ARM.attributes
                0x000000a7       0x34 ./src/system_stm32f4xx.o
 .ARM.attributes
                0x000000db       0x34 ./Third_party/FreeRTOS/org/Source/portable/GCC/ARM_CM4F/port.o
 .ARM.attributes
                0x0000010f       0x34 ./Third_party/FreeRTOS/org/Source/list.o
 .ARM.attributes
                0x00000143       0x34 ./Third_party/FreeRTOS/org/Source/tasks.o
 .ARM.attributes
                0x00000177       0x32 f:/programming/baremetal/9 2020-q2-update/bin/../lib/gcc/arm-none-eabi/9.3.1/../../../../arm-none-eabi/lib/thumb/v7e-m+fp/hard\libc.a(lib_a-impure.o)
 .ARM.attributes
                0x000001a9       0x34 f:/programming/baremetal/9 2020-q2-update/bin/../lib/gcc/arm-none-eabi/9.3.1/../../../../arm-none-eabi/lib/thumb/v7e-m+fp/hard\libc.a(lib_a-init.o)
 .ARM.attributes
                0x000001dd       0x34 f:/programming/baremetal/9 2020-q2-update/bin/../lib/gcc/arm-none-eabi/9.3.1/../../../../arm-none-eabi/lib/thumb/v7e-m+fp/hard\libc.a(lib_a-__call_atexit.o)
 .ARM.attributes
                0x00000211       0x34 f:/programming/baremetal/9 2020-q2-update/bin/../lib/gcc/arm-none-eabi/9.3.1/../../../../arm-none-eabi/lib/thumb/v7e-m+fp/hard\libc.a(lib_a-atexit.o)
 .ARM.attributes
                0x00000245       0x34 f:/programming/baremetal/9 2020-q2-update/bin/../lib/gcc/arm-none-eabi/9.3.1/../../../../arm-none-eabi/lib/thumb/v7e-m+fp/hard\libc.a(lib_a-fini.o)
 .ARM.attributes
                0x00000279       0x34 f:/programming/baremetal/9 2020-q2-update/bin/../lib/gcc/arm-none-eabi/9.3.1/../../../../arm-none-eabi/lib/thumb/v7e-m+fp/hard\libc.a(lib_a-lock.o)
 .ARM.attributes
                0x000002ad       0x34 f:/programming/baremetal/9 2020-q2-update/bin/../lib/gcc/arm-none-eabi/9.3.1/../../../../arm-none-eabi/lib/thumb/v7e-m+fp/hard\libc.a(lib_a-__atexit.o)
 .ARM.attributes
                0x000002e1       0x1e f:/programming/baremetal/9 2020-q2-update/bin/../lib/gcc/arm-none-eabi/9.3.1/thumb/v7e-m+fp/hard/crtn.o
OUTPUT(HelloWorld.elf elf32-littlearm)
LOAD linker stubs
LOAD f:/programming/baremetal/9 2020-q2-update/bin/../lib/gcc/arm-none-eabi/9.3.1/../../../../arm-none-eabi/lib/thumb/v7e-m+fp/hard\libc.a
LOAD f:/programming/baremetal/9 2020-q2-update/bin/../lib/gcc/arm-none-eabi/9.3.1/../../../../arm-none-eabi/lib/thumb/v7e-m+fp/hard\libm.a
LOAD f:/programming/baremetal/9 2020-q2-update/bin/../lib/gcc/arm-none-eabi/9.3.1/thumb/v7e-m+fp/hard\libgcc.a

.debug_line     0x00000000     0x1f17
 .debug_line    0x00000000       0x7c ./startup/startup_stm32.o
 .debug_line    0x0000007c       0x46 ./src/main.o
 .debug_line    0x000000c2      0x232 ./src/system_stm32f4xx.o
 .debug_line    0x000002f4      0x3fe ./Third_party/FreeRTOS/org/Source/portable/GCC/ARM_CM4F/port.o
 .debug_line    0x000006f2      0x165 ./Third_party/FreeRTOS/org/Source/list.o
 .debug_line    0x00000857     0x16c0 ./Third_party/FreeRTOS/org/Source/tasks.o

.debug_info     0x00000000      0xca0
 .debug_info    0x00000000       0x22 ./startup/startup_stm32.o
 .debug_info    0x00000022       0x38 ./src/main.o
 .debug_info    0x0000005a       0x5f ./src/system_stm32f4xx.o
 .debug_info    0x000000b9      0x23b ./Third_party/FreeRTOS/org/Source/portable/GCC/ARM_CM4F/port.o
 .debug_info    0x000002f4       0x80 ./Third_party/FreeRTOS/org/Source/list.o
 .debug_info    0x00000374      0x92c ./Third_party/FreeRTOS/org/Source/tasks.o

.debug_abbrev   0x00000000      0x28f
 .debug_abbrev  0x00000000       0x12 ./startup/startup_stm32.o
 .debug_abbrev  0x00000012       0x2c ./src/main.o
 .debug_abbrev  0x0000003e       0x5a ./src/system_stm32f4xx.o
 .debug_abbrev  0x00000098       0xd7 ./Third_party/FreeRTOS/org/Source/portable/GCC/ARM_CM4F/port.o
 .debug_abbrev  0x0000016f       0x2c ./Third_party/FreeRTOS/org/Source/list.o
 .debug_abbrev  0x0000019b       0xf4 ./Third_party/FreeRTOS/org/Source/tasks.o

.debug_aranges  0x00000000      0x330
 .debug_aranges
                0x00000000       0x28 ./startup/startup_stm32.o
 .debug_aranges
                0x00000028       0x20 ./src/main.o
 .debug_aranges
                0x00000048       0x30 ./src/system_stm32f4xx.o
 .debug_aranges
                0x00000078       0x80 ./Third_party/FreeRTOS/org/Source/portable/GCC/ARM_CM4F/port.o
 .debug_aranges
                0x000000f8       0x40 ./Third_party/FreeRTOS/org/Source/list.o
 .debug_aranges
                0x00000138      0x1f8 ./Third_party/FreeRTOS/org/Source/tasks.o

.debug_str      0x00000000      0x884
 .debug_str     0x00000000       0x58 ./startup/startup_stm32.o
 .debug_str     0x00000058       0x9f ./src/main.o
                                 0xce (size before relaxing)
 .debug_str     0x000000f7       0x47 ./src/system_stm32f4xx.o
                                0x102 (size before relaxing)
 .debug_str     0x0000013e      0x15c ./Third_party/FreeRTOS/org/Source/portable/GCC/ARM_CM4F/port.o
                                0x217 (size before relaxing)
 .debug_str     0x0000029a       0x76 ./Third_party/FreeRTOS/org/Source/list.o
                                0x131 (size before relaxing)
 .debug_str     0x00000310      0x574 ./Third_party/FreeRTOS/org/Source/tasks.o
                                0x651 (size before relaxing)

.debug_ranges   0x00000000      0x2d8
 .debug_ranges  0x00000000       0x20 ./startup/startup_stm32.o
 .debug_ranges  0x00000020       0x10 ./src/main.o
 .debug_ranges  0x00000030       0x20 ./src/system_stm32f4xx.o
 .debug_ranges  0x00000050       0x70 ./Third_party/FreeRTOS/org/Source/portable/GCC/ARM_CM4F/port.o
 .debug_ranges  0x000000c0       0x30 ./Third_party/FreeRTOS/org/Source/list.o
 .debug_ranges  0x000000f0      0x1e8 ./Third_party/FreeRTOS/org/Source/tasks.o

.comment        0x00000000       0x4c
 .comment       0x00000000       0x4c ./src/main.o
                                 0x4d (size before relaxing)
 .comment       0x0000004c       0x4d ./src/system_stm32f4xx.o
 .comment       0x0000004c       0x4d ./Third_party/FreeRTOS/org/Source/portable/GCC/ARM_CM4F/port.o
 .comment       0x0000004c       0x4d ./Third_party/FreeRTOS/org/Source/list.o
 .comment       0x0000004c       0x4d ./Third_party/FreeRTOS/org/Source/tasks.o

.debug_frame    0x00000000      0xd84
 .debug_frame   0x00000000       0x28 ./src/main.o
 .debug_frame   0x00000028       0x7c ./src/system_stm32f4xx.o
 .debug_frame   0x000000a4      0x1a8 ./Third_party/FreeRTOS/org/Source/portable/GCC/ARM_CM4F/port.o
 .debug_frame   0x0000024c       0xd8 ./Third_party/FreeRTOS/org/Source/list.o
 .debug_frame   0x00000324      0x894 ./Third_party/FreeRTOS/org/Source/tasks.o
 .debug_frame   0x00000bb8       0x2c f:/programming/baremetal/9 2020-q2-update/bin/../lib/gcc/arm-none-eabi/9.3.1/../../../../arm-none-eabi/lib/thumb/v7e-m+fp/hard\libc.a(lib_a-init.o)
 .debug_frame   0x00000be4       0x68 f:/programming/baremetal/9 2020-q2-update/bin/../lib/gcc/arm-none-eabi/9.3.1/../../../../arm-none-eabi/lib/thumb/v7e-m+fp/hard\libc.a(lib_a-__call_atexit.o)
 .debug_frame   0x00000c4c       0x20 f:/programming/baremetal/9 2020-q2-update/bin/../lib/gcc/arm-none-eabi/9.3.1/../../../../arm-none-eabi/lib/thumb/v7e-m+fp/hard\libc.a(lib_a-atexit.o)
 .debug_frame   0x00000c6c       0x34 f:/programming/baremetal/9 2020-q2-update/bin/../lib/gcc/arm-none-eabi/9.3.1/../../../../arm-none-eabi/lib/thumb/v7e-m+fp/hard\libc.a(lib_a-fini.o)
 .debug_frame   0x00000ca0       0xb0 f:/programming/baremetal/9 2020-q2-update/bin/../lib/gcc/arm-none-eabi/9.3.1/../../../../arm-none-eabi/lib/thumb/v7e-m+fp/hard\libc.a(lib_a-lock.o)
 .debug_frame   0x00000d50       0x34 f:/programming/baremetal/9 2020-q2-update/bin/../lib/gcc/arm-none-eabi/9.3.1/../../../../arm-none-eabi/lib/thumb/v7e-m+fp/hard\libc.a(lib_a-__atexit.o)
